------------------------------------------------------------
Timing Analyzer Summary
------------------------------------------------------------

Type  : Slow 1100mV 85C Model Setup 'clk'
Slack : -0.043
TNS   : -0.043

Type  : Slow 1100mV 85C Model Hold 'clk'
Slack : 0.234
TNS   : 0.000

Type  : Slow 1100mV 85C Model Minimum Pulse Width 'clk'
Slack : -0.394
TNS   : -1.048

Type  : Slow 1100mV 0C Model Setup 'clk'
Slack : -0.066
TNS   : -0.083

Type  : Slow 1100mV 0C Model Hold 'clk'
Slack : 0.218
TNS   : 0.000

Type  : Slow 1100mV 0C Model Minimum Pulse Width 'clk'
Slack : -0.394
TNS   : -1.132

Type  : Fast 1100mV 85C Model Setup 'clk'
Slack : 0.326
TNS   : 0.000

Type  : Fast 1100mV 85C Model Hold 'clk'
Slack : 0.136
TNS   : 0.000

Type  : Fast 1100mV 85C Model Minimum Pulse Width 'clk'
Slack : -0.080
TNS   : -0.160

Type  : Fast 1100mV 0C Model Setup 'clk'
Slack : 0.374
TNS   : 0.000

Type  : Fast 1100mV 0C Model Hold 'clk'
Slack : 0.127
TNS   : 0.000

Type  : Fast 1100mV 0C Model Minimum Pulse Width 'clk'
Slack : -0.081
TNS   : -0.162

------------------------------------------------------------
